// Jest Snapshot v1, https://goo.gl/fbAQLP

exports[`Account render 1`] = `
<div
  className="account"
>
  <div
    className="top"
  >
    <div
      className="corner"
    >
      <ForwardRef
        pose="hidden"
      >
        <Icon
          name="logo"
          svgStyle={
            Object {
              "className": "logo",
            }
          }
        />
      </ForwardRef>
    </div>
    <div
      className="header"
    >
      <StatusBar
        notificationCount={6}
        totalPower={1.3}
      />
    </div>
  </div>
  <div
    className="body"
  >
    <Navigation
      user={Object {}}
    />
    <div
      className="view"
    >
      <Route
        render={[Function]}
      />
    </div>
  </div>
</div>
`;
