// Jest Snapshot v1, https://goo.gl/fbAQLP

exports[`About render 1`] = `
<ForwardRef>
  <h2>
    About
  </h2>
  <ForwardRef>
    Lorem Ipsum is simply dummy text of the printing and typesetting industry.
  </ForwardRef>
  <ForwardRef>
    Lorem Ipsum has been the industry's standard dummy text ever since the 1500s, when an unknown printer took a galley of type and scrambled it to make a type specimen book.
  </ForwardRef>
  <ForwardRef>
    It has survived not only five centuries, but also the leap into electronic typesetting, remaining essentially unchanged.
  </ForwardRef>
  <ForwardRef>
    It was popularised in the 1960s with the release of Letraset sheets containing Lorem Ipsum passages, and more recently with desktop publishing software like Aldus PageMaker including versions of Lorem Ipsum.
  </ForwardRef>
  <Button
    title="login"
    to="/login"
  />
</ForwardRef>
`;
