// Jest Snapshot v1, https://goo.gl/fbAQLP

exports[`Status render 1`] = `
<ForwardRef
  pose="unMounted"
>
  <Card
    className="status"
  >
    <div
      className="circleWrapper"
    >
      <div
        className="circle"
        style={
          Object {
            "backgroundColor": "red",
          }
        }
      />
      <Icon
        className="iconWrapper"
        icon="default"
        svgStyle={
          Object {
            "className": "icon",
            "fill": "red",
          }
        }
      />
    </div>
    <p
      className="ratio"
    >
      3 / 4
    </p>
    <p
      className="title"
    >
      A test
    </p>
  </Card>
</ForwardRef>
`;
