// Jest Snapshot v1, https://goo.gl/fbAQLP

exports[`Button Button onClick 1`] = `
<button
  className="button primary"
  onClick={
    [MockFunction] {
      "calls": Array [
        Array [],
        Array [],
      ],
      "results": Array [
        Object {
          "type": "return",
          "value": undefined,
        },
        Object {
          "type": "return",
          "value": undefined,
        },
      ],
    }
  }
>
  <p>
    A clickable button
  </p>
</button>
`;
